============================= test session starts =============================
platform win32 -- Python 3.11.9, pytest-7.4.3, pluggy-1.6.0 -- C:\Users\Elvin\AppData\Local\Programs\Python\Python311\python.exe
cachedir: .pytest_cache
rootdir: C:\Users\Elvin\Documents\agent-lens
configfile: pyproject.toml
plugins: anyio-3.7.1, langsmith-0.6.0, asyncio-0.21.1
asyncio: mode=Mode.AUTO
collecting ... collected 68 items

tests/test_error_recovery.py::TestCrashBypass::test_architect_crash_returns_fallback_plan PASSED [  1%]
tests/test_error_recovery.py::TestCrashBypass::test_reviewer_crash_skips_review PASSED [  2%]
tests/test_error_recovery.py::TestCrashBypass::test_coder_crash_marks_failure PASSED [  4%]
tests/test_error_recovery.py::TestCrashBypass::test_executor_crash_marks_failure PASSED [  5%]
tests/test_error_recovery.py::TestConditionalEdges::test_review_fix_loops_back_to_coder PASSED [  7%]
tests/test_error_recovery.py::TestConditionalEdges::test_execution_retry_loops_back_to_coder PASSED [  8%]
tests/test_error_recovery.py::TestErrorClassification::test_json_parse_error_classified_as_parse PASSED [ 10%]
tests/test_error_recovery.py::TestErrorClassification::test_connection_error_classified_correctly PASSED [ 11%]
tests/test_error_recovery.py::TestErrorClassification::test_timeout_error_classified_correctly PASSED [ 13%]
tests/test_inference_health.py::test_health_endpoint ERROR               [ 14%]
tests/test_inference_health.py::test_metrics_endpoint ERROR              [ 16%]
tests/test_inference_health.py::test_completions_endpoint ERROR          [ 17%]
tests/test_integration.py::TestCoderExecutorFlow::test_coder_generates_code_executor_runs PASSED [ 19%]
tests/test_integration.py::TestCoderExecutorFlow::test_coder_failure_triggers_retry PASSED [ 20%]
tests/test_integration.py::TestCoderExecutorFlow::test_executor_failure_loops_back PASSED [ 22%]
tests/test_integration.py::TestReviewerCoderFlow::test_review_fail_loops_to_coder PASSED [ 23%]
tests/test_integration.py::TestInferenceDisconnectRecovery::test_connection_retry_on_disconnect PASSED [ 25%]
tests/test_integration.py::TestConversationContext::test_state_preserves_history PASSED [ 26%]
tests/test_integration.py::TestConversationContext::test_state_tracks_current_subtask PASSED [ 27%]
tests/test_m4_completion.py::TestConversationMemory::test_add_message PASSED [ 29%]
tests/test_m4_completion.py::TestConversationMemory::test_context_token_estimation PASSED [ 30%]
tests/test_m4_completion.py::TestConversationMemory::test_get_context_messages_limit PASSED [ 32%]
tests/test_m4_completion.py::TestConversationMemory::test_should_compress_context PASSED [ 33%]
tests/test_m4_completion.py::TestConversationMemory::test_compress_context PASSED [ 35%]
tests/test_m4_completion.py::TestKVCacheTracking::test_kv_cache_stats_dataclass PASSED [ 36%]
tests/test_m4_completion.py::TestKVCacheTracking::test_update_kv_cache_stats PASSED [ 38%]
tests/test_m4_completion.py::TestTieredModelSelection::test_tiered_models_config PASSED [ 39%]
tests/test_m4_completion.py::TestTieredModelSelection::test_get_recommended_model_large_vram PASSED [ 41%]
tests/test_m4_completion.py::TestTieredModelSelection::test_get_recommended_model_medium_vram PASSED [ 42%]
tests/test_m4_completion.py::TestTieredModelSelection::test_get_recommended_model_small_vram PASSED [ 44%]
tests/test_m4_completion.py::TestOOMFallback::test_oom_triggers_tier_downgrade PASSED [ 45%]
tests/test_m4_completion.py::TestOOMFallback::test_max_oom_fallbacks_exceeded PASSED [ 47%]
tests/test_m4_completion.py::TestInferenceDisconnect::test_request_queue_initialization PASSED [ 48%]
tests/test_m4_completion.py::TestInferenceDisconnect::test_disconnect_queues_request PASSED [ 50%]
tests/test_m4_completion.py::TestInferenceDisconnect::test_process_queue PASSED [ 51%]
tests/test_metrics_gpu.py::TestGPUMetricsSimulation::test_simulation_mode_collects_metrics PASSED [ 52%]
tests/test_metrics_gpu.py::TestGPUMetricsNoGPU::test_collect_metrics_safe_when_no_gpu PASSED [ 54%]
tests/test_metrics_gpu.py::TestGPUMetricsWithMockedNVML::test_nvml_initialization_called PASSED [ 55%]
tests/test_metrics_gpu.py::TestGPUMetricsWithMockedNVML::test_shutdown_is_safe PASSED [ 57%]
tests/test_orchestrator.py::TestOrchestratorState::test_state_creation PASSED [ 58%]
tests/test_orchestrator.py::TestOrchestratorState::test_can_retry PASSED [ 60%]
tests/test_orchestrator.py::TestOrchestratorState::test_add_history PASSED [ 61%]
tests/test_orchestrator.py::TestCoderAgent::test_extract_python_code_block PASSED [ 63%]
tests/test_orchestrator.py::TestCoderAgent::test_extract_generic_code_block PASSED [ 64%]
tests/test_orchestrator.py::TestCoderAgent::test_extract_no_code_block PASSED [ 66%]
tests/test_orchestrator.py::TestCoderAgent::test_generate_filename PASSED [ 67%]
tests/test_orchestrator.py::TestExecutorAgent::test_command_whitelist FAILED [ 69%]
tests/test_orchestrator.py::TestExecutorAgent::test_execute_simple_python FAILED [ 70%]
tests/test_orchestrator.py::TestExecutorAgent::test_execute_python_error FAILED [ 72%]
tests/test_orchestrator.py::TestGraphRouting::test_should_retry_on_success PASSED [ 73%]
tests/test_orchestrator.py::TestGraphRouting::test_should_retry_on_failure PASSED [ 75%]
tests/test_orchestrator.py::TestGraphRouting::test_should_end_on_max_retries PASSED [ 76%]
tests/test_orchestrator.py::TestTelemetry::test_track_agent_context_manager PASSED [ 77%]
tests/test_orchestrator.py::TestEvents::test_agent_event_serialization PASSED [ 79%]
tests/test_orchestrator.py::TestArchitectAgent::test_parse_plan_json PASSED [ 80%]
tests/test_orchestrator.py::TestArchitectAgent::test_parse_plan_in_code_block PASSED [ 82%]
tests/test_orchestrator.py::TestArchitectAgent::test_parse_plan_invalid PASSED [ 83%]
tests/test_orchestrator.py::TestReviewerAgent::test_syntax_check_valid PASSED [ 85%]
tests/test_orchestrator.py::TestReviewerAgent::test_syntax_check_invalid PASSED [ 86%]
tests/test_orchestrator.py::TestReviewerAgent::test_security_check_eval PASSED [ 88%]
tests/test_orchestrator.py::TestReviewerAgent::test_security_check_clean PASSED [ 89%]
tests/test_orchestrator.py::TestNewStateFields::test_state_has_plan_fields PASSED [ 91%]
tests/test_orchestrator.py::TestNewStateFields::test_state_has_review_fields PASSED [ 92%]
tests/test_orchestrator.py::TestNewStateFields::test_can_retry_review PASSED [ 94%]
tests/test_orchestrator.py::TestNewStateFields::test_get_current_subtask_description PASSED [ 95%]
tests/test_orchestrator.py::TestNewGraphRouting::test_should_execute_on_review_pass PASSED [ 97%]
tests/test_orchestrator.py::TestNewGraphRouting::test_should_fix_on_review_fail PASSED [ 98%]
tests/test_orchestrator.py::TestNewGraphRouting::test_should_execute_on_max_review_attempts PASSED [100%]

=================================== ERRORS ====================================
___________________ ERROR at setup of test_health_endpoint ____________________
E   TypeError: Client.__init__() got an unexpected keyword argument 'app'
---------------------------- Captured stdout setup ----------------------------
Model not found at models\tinyllama-1.1b-chat-v1.0.Q4_K_M.gguf
WARNING: huggingface_hub not installed, model download skipped
Use Ollama container for inference (docker compose --profile cpu up)
___________________ ERROR at setup of test_metrics_endpoint ___________________
E   TypeError: Client.__init__() got an unexpected keyword argument 'app'
_________________ ERROR at setup of test_completions_endpoint _________________
E   TypeError: Client.__init__() got an unexpected keyword argument 'app'
================================== FAILURES ===================================
C:\Users\Elvin\Documents\agent-lens\tests\test_orchestrator.py:152: ImportError: cannot import name 'ALLOWED_COMMANDS' from 'agents.executor' (C:\Users\Elvin\Documents\agent-lens\services\orchestrator\src\agents\executor.py)
C:\Users\Elvin\Documents\agent-lens\tests\test_orchestrator.py:174: AttributeError: 'ExecutorAgent' object has no attribute '_execute_python'
C:\Users\Elvin\Documents\agent-lens\tests\test_orchestrator.py:192: AttributeError: 'ExecutorAgent' object has no attribute '_execute_python'
============================== warnings summary ===============================
tests/test_inference_health.py::test_health_endpoint
  C:\Users\Elvin\Documents\agent-lens\services\inference\src\config.py:51: PydanticDeprecatedSince20: Support for class-based `config` is deprecated, use ConfigDict instead. Deprecated in Pydantic V2.0 to be removed in V3.0. See Pydantic V2 Migration Guide at https://errors.pydantic.dev/2.12/migration/
    class Settings(BaseSettings):

tests/test_inference_health.py::test_health_endpoint
  C:\Users\Elvin\Documents\agent-lens\services\inference\src\config.py:51: UserWarning: Field 'model_path' in 'Settings' conflicts with protected namespace 'model_'.
  
  You may be able to solve this by setting the 'protected_namespaces' configuration to ('settings_',).
    class Settings(BaseSettings):

-- Docs: https://docs.pytest.org/en/stable/how-to/capture-warnings.html
=========================== short test summary info ===========================
FAILED tests/test_orchestrator.py::TestExecutorAgent::test_command_whitelist
FAILED tests/test_orchestrator.py::TestExecutorAgent::test_execute_simple_python
FAILED tests/test_orchestrator.py::TestExecutorAgent::test_execute_python_error
ERROR tests/test_inference_health.py::test_health_endpoint - TypeError: Clien...
ERROR tests/test_inference_health.py::test_metrics_endpoint - TypeError: Clie...
ERROR tests/test_inference_health.py::test_completions_endpoint - TypeError: ...
============= 3 failed, 62 passed, 2 warnings, 3 errors in 3.33s ==============
